// Jest Snapshot v1, https://goo.gl/fbAQLP

exports[`Template matches snapshot 1`] = `Object {}`;
